// Jest Snapshot v1, https://goo.gl/fbAQLP

exports[`Transaction should match snapshot 1`] = `
<styled.div
  styles="
    border-bottom: solid theme.colors.offset;
"
>
  <styled.h3
    data-test-id="hash"
    styles="
    overflow: hidden;
    text-overflow: ellipsis;
    white-space: nowrap;

    span {
        background-color: theme.colors.brand;
        color: white;
    }
"
  >
    Hash: 
    hash
  </styled.h3>
  <h3>
    Fee: 
    20
  </h3>
  <h3>
    Size: 
    50
  </h3>
</styled.div>
`;
