// Jest Snapshot v1, https://goo.gl/fbAQLP

exports[`App should match snapshot 1`] = `
<Provider
  store={
    Object {
      "dispatch": [Function],
      "getState": [Function],
      "replaceReducer": [Function],
      "subscribe": [Function],
      Symbol(observable): [Function],
    }
  }
>
  <Component
    theme={
      Object {
        "colors": Object {
          "brand": "#0C6CF2",
          "offset": "#C0C0C0",
        },
      }
    }
  >
    <Memo(l) />
    <BrowserRouter>
      <Nav />
      <Suspense
        fallback={
          <div>
            Loading!
          </div>
        }
      >
        <Switch>
          <Route
            exact={true}
            key="/address/:slug"
            path="/address/:slug"
          >
            <Component />
          </Route>
          <Route
            exact={true}
            key="/"
            path="/"
          >
            <Component />
          </Route>
        </Switch>
      </Suspense>
    </BrowserRouter>
  </Component>
</Provider>
`;
