// Jest Snapshot v1, https://goo.gl/fbAQLP

exports[`Address with data should match snapshot 1`] = `
<styled.div
  styles="
    max-width: 1024px;
    margin: auto;
    padding: 30px;
"
>
  <styled.div
    styles="
    background-color: white;
    margin-bottom: 30px;
    padding: 30px;

    &:last-of-type {
        margin-bottom: 0;
    }
"
  >
    <styled.h1
      styles="
    color: theme.colors.brand;
    margin: 0;
"
    >
      Address
    </styled.h1>
    <p>
      Transactions: 
      20
    </p>
    <p>
      Total received: 
      55
    </p>
    <p>
      Total sent: 
      33
    </p>
    <p>
      Final Balance: 
      29
    </p>
  </styled.div>
  <styled.div
    styles="
    background-color: white;
    margin-bottom: 30px;
    padding: 30px;

    &:last-of-type {
        margin-bottom: 0;
    }
"
  >
    <styled.h1
      styles="
    color: theme.colors.brand;
    margin: 0;
"
    >
      Transactions (Page 
      2
      /
      2
      )
    </styled.h1>
    <SearchInput
      onChange={[Function]}
      placeholder="Filter by hash"
      value=""
    />
    <Transaction
      fee={10}
      hash="24423423"
      key="24423423"
      search=""
    />
    <Transaction
      fee={10}
      hash="24423423SEARCHABLE"
      key="24423423SEARCHABLE"
      search=""
    />
    <MultiPageButtons
      currentPage={2}
      numberOfButtons={5}
      numberOfPages={2}
      skip={10}
      to={[Function]}
    />
  </styled.div>
</styled.div>
`;
